// Jest Snapshot v1, https://goo.gl/fbAQLP

exports[`Description component should render the component to match the snapshot 1`] = `
ShallowWrapper {
  Symbol(enzyme.__root__): [Circular],
  Symbol(enzyme.__unrendered__): <Contact
    branch="Tacoma"
    branchPhoneNumber="(253) 922-4240"
  />,
  Symbol(enzyme.__renderer__): Object {
    "batchedUpdates": [Function],
    "checkPropTypes": [Function],
    "getNode": [Function],
    "render": [Function],
    "simulateError": [Function],
    "simulateEvent": [Function],
    "unmount": [Function],
  },
  Symbol(enzyme.__node__): Object {
    "instance": null,
    "key": undefined,
    "nodeType": "function",
    "props": Object {
      "children": Array [
        <h4>
          Branch
        </h4>,
        <h4
          className="branch"
        >
          Tacoma
        </h4>,
        <p
          className="branchPhoneNumber"
        >
          ((253) 922-4240) 922-4240
           
        </p>,
      ],
    },
    "ref": null,
    "rendered": Array [
      Object {
        "instance": null,
        "key": undefined,
        "nodeType": "host",
        "props": Object {
          "children": "Branch",
        },
        "ref": null,
        "rendered": "Branch",
        "type": "h4",
      },
      Object {
        "instance": null,
        "key": undefined,
        "nodeType": "host",
        "props": Object {
          "children": "Tacoma",
          "className": "branch",
        },
        "ref": null,
        "rendered": "Tacoma",
        "type": "h4",
      },
      Object {
        "instance": null,
        "key": undefined,
        "nodeType": "host",
        "props": Object {
          "children": Array [
            "((253) 922-4240) 922-4240",
            " ",
          ],
          "className": "branchPhoneNumber",
        },
        "ref": null,
        "rendered": Array [
          "((253) 922-4240) 922-4240",
          " ",
        ],
        "type": "p",
      },
    ],
    "type": Object {
      "$$typeof": Symbol(react.forward_ref),
      "attrs": Array [],
      "componentStyle": ComponentStyle {
        "componentId": "sc-bdVaJa",
        "isStatic": true,
        "rules": Array [
          "
  border-bottom: solid gray 1px;
  width: 100%;
  padding: 3% 0%;
  display: flex;
  flex-direction: column;
  flex: 2;
  h4 {
    margin-top: 0;
    margin-bottom: 10px;
    text-align: center;
    line-height: 20px;
  }

  p {
    margin: 0;
    line-height: 20px;
    text-align: center;
    color: #0066cc;
    text-decoration: underline;
  }
  /*for iphone 5*/
  @media (max-width: 375px) {
    padding: 2% 0%;
    h4 {
      font-size: 15px;
      line-height: 12px;
    }
    p {
      font-size: 10px;
      line-height: 12px;
    }
  }
",
        ],
      },
      "displayName": "styled.div",
      "foldedComponentIds": Array [],
      "render": [Function],
      "styledComponentId": "sc-bdVaJa",
      "target": "div",
      "toString": [Function],
      "warnTooManyClasses": [Function],
      "withComponent": [Function],
    },
  },
  Symbol(enzyme.__nodes__): Array [
    Object {
      "instance": null,
      "key": undefined,
      "nodeType": "function",
      "props": Object {
        "children": Array [
          <h4>
            Branch
          </h4>,
          <h4
            className="branch"
          >
            Tacoma
          </h4>,
          <p
            className="branchPhoneNumber"
          >
            ((253) 922-4240) 922-4240
             
          </p>,
        ],
      },
      "ref": null,
      "rendered": Array [
        Object {
          "instance": null,
          "key": undefined,
          "nodeType": "host",
          "props": Object {
            "children": "Branch",
          },
          "ref": null,
          "rendered": "Branch",
          "type": "h4",
        },
        Object {
          "instance": null,
          "key": undefined,
          "nodeType": "host",
          "props": Object {
            "children": "Tacoma",
            "className": "branch",
          },
          "ref": null,
          "rendered": "Tacoma",
          "type": "h4",
        },
        Object {
          "instance": null,
          "key": undefined,
          "nodeType": "host",
          "props": Object {
            "children": Array [
              "((253) 922-4240) 922-4240",
              " ",
            ],
            "className": "branchPhoneNumber",
          },
          "ref": null,
          "rendered": Array [
            "((253) 922-4240) 922-4240",
            " ",
          ],
          "type": "p",
        },
      ],
      "type": Object {
        "$$typeof": Symbol(react.forward_ref),
        "attrs": Array [],
        "componentStyle": ComponentStyle {
          "componentId": "sc-bdVaJa",
          "isStatic": true,
          "rules": Array [
            "
  border-bottom: solid gray 1px;
  width: 100%;
  padding: 3% 0%;
  display: flex;
  flex-direction: column;
  flex: 2;
  h4 {
    margin-top: 0;
    margin-bottom: 10px;
    text-align: center;
    line-height: 20px;
  }

  p {
    margin: 0;
    line-height: 20px;
    text-align: center;
    color: #0066cc;
    text-decoration: underline;
  }
  /*for iphone 5*/
  @media (max-width: 375px) {
    padding: 2% 0%;
    h4 {
      font-size: 15px;
      line-height: 12px;
    }
    p {
      font-size: 10px;
      line-height: 12px;
    }
  }
",
          ],
        },
        "displayName": "styled.div",
        "foldedComponentIds": Array [],
        "render": [Function],
        "styledComponentId": "sc-bdVaJa",
        "target": "div",
        "toString": [Function],
        "warnTooManyClasses": [Function],
        "withComponent": [Function],
      },
    },
  ],
  Symbol(enzyme.__options__): Object {
    "adapter": ReactSixteenAdapter {
      "options": Object {
        "enableComponentDidUpdateOnSetState": true,
        "legacyContextMode": "parent",
        "lifecycles": Object {
          "componentDidUpdate": Object {
            "onSetState": true,
          },
          "getChildContext": Object {
            "calledByRenderer": false,
          },
          "getDerivedStateFromProps": Object {
            "hasShouldComponentUpdateBug": false,
          },
          "getSnapshotBeforeUpdate": true,
          "setState": Object {
            "skipsComponentDidUpdateOnNullish": true,
          },
        },
      },
    },
  },
}
`;
